[yuzzu-api.herokuapp.com/img/icons/icon-48x48.png]
[backblue.gif]
[fade.gif]
[index.html]
[cdnjs.cloudflare.com/ajax/libs/font-awesome/4.7.0/css/font-awesome.min.css]
[cdn.jsdelivr.net/gh/bungfrangki/efeksalju@2a7805c7/efek-salju.js]
[unpkg.com/sweetalert/dist/sweetalert.min.5.delayed]
[unpkg.com/sweetalert@2.1.2/dist/sweetalert.min.js]
[ajax.googleapis.com/ajax/libs/jquery/3.2.1/jquery.min.js]
[yuzzu-api.herokuapp.com/asu.jpg]
[yuzzu-api.herokuapp.com/index.html]
[cdnjs.cloudflare.com/ajax/libs/font-awesome/4.7.0/css/font-awesome.min.css]
[yuzzu-api.herokuapp.com/css/app.css]
[yuzzu-api.herokuapp.com/img/avatars/avatar-5.jpg]
[yuzzu-api.herokuapp.com/img/avatars/avatar-2.jpg]
[yuzzu-api.herokuapp.com/img/avatars/avatar-6.jpg]
[yuzzu-api.herokuapp.com/img/avatars/avatar.jpg]
[yuzzu-api.herokuapp.com/js/app.js]
[yuzzu-api.herokuapp.com/js/jquery.min.js]
[yuzzu-api.herokuapp.com/home.html]
[yuzzu-api.herokuapp.com/index-2.html]
[ajax.googleapis.com/ajax/libs/jquery/1/jquery.min.js]
[ajax.googleapis.com/ajax/libs/jqueryui/1.8.0/jquery-ui.min.js]
[yuzzu-api.herokuapp.com/img/avatars/avatar-4.jpg]
[yuzzu-api.herokuapp.com/profile.html]
[yuzzu-api.herokuapp.com/api/ytdl84b6.json]
[yuzzu-api.herokuapp.com/api/yts275f.json]
[yuzzu-api.herokuapp.com/api/mediafire7015.json]
[yuzzu-api.herokuapp.com/api/twitterba2f.json]
[yuzzu-api.herokuapp.com/api/tiktoke7da.json]
[yuzzu-api.herokuapp.com/api/instagram2cd3.json]
[yuzzu-api.herokuapp.com/api/igstorydf72.json]
[yuzzu-api.herokuapp.com/api/fbdownfab0.json]
[yuzzu-api.herokuapp.com/api/ssweb3ad7.json]
[yuzzu-api.herokuapp.com/download.html]
[yuzzu-api.herokuapp.com/api/textpro/blackpinkbd0e.json]
[yuzzu-api.herokuapp.com/api/textpro/waterpipebd0e.json]
[yuzzu-api.herokuapp.com/api/textpro/skeletonbd0e.json]
[yuzzu-api.herokuapp.com/api/textpro/pencilbd0e.json]
[yuzzu-api.herokuapp.com/api/textpro/circuitbd0e.json]
[yuzzu-api.herokuapp.com/api/textpro/fictionbd0e.json]
[yuzzu-api.herokuapp.com/api/textpro/thunderbd0e.json]
[yuzzu-api.herokuapp.com/api/textpro/magmabd0e.json]
[yuzzu-api.herokuapp.com/api/textpro/green-neonbd0e.json]
[yuzzu-api.herokuapp.com/api/textpro/neon-futuristicbd0e.json]
[yuzzu-api.herokuapp.com/api/textpro2/horror2d25.json]
[yuzzu-api.herokuapp.com/api/textpro2/glitch-22d25.json]
[yuzzu-api.herokuapp.com/api/textpro2/space-3d2d25.json]
[yuzzu-api.herokuapp.com/api/textpro2/avengers2d25.json]
[yuzzu-api.herokuapp.com/api/textpro2/steel-text2d25.json]
[yuzzu-api.herokuapp.com/api/textpro2/layered-text2d25.json]
[yuzzu-api.herokuapp.com/api/textpro2/captain-america2d25.json]
[yuzzu-api.herokuapp.com/api/textpro2/marvel-studio2d25.json]
[yuzzu-api.herokuapp.com/api/textpro2/pornhub2d25.json]
[yuzzu-api.herokuapp.com/api/textpro2/glitch2d25.json]
[yuzzu-api.herokuapp.com/api/love-messagebd0e.json]
[yuzzu-api.herokuapp.com/api/sky-textbd0e.json]
[yuzzu-api.herokuapp.com/api/coffee-cupbd0e.json]
[yuzzu-api.herokuapp.com/api/glowbd0e.json]
[yuzzu-api.herokuapp.com/api/neonbd0e.json]
[yuzzu-api.herokuapp.com/api/flamingbd0e.json]
[yuzzu-api.herokuapp.com/api/glow-effectbd0e.json]
[yuzzu-api.herokuapp.com/api/smokebd0e.json]
[yuzzu-api.herokuapp.com/api/flowerbd0e.json]
[yuzzu-api.herokuapp.com/api/leavesbd0e.json]
[yuzzu-api.herokuapp.com/photooxy.html]
[yuzzu-api.herokuapp.com/api/googlesearchf9f1.json]
[yuzzu-api.herokuapp.com/api/translate390d.json]
[yuzzu-api.herokuapp.com/api/lirika12c.json]
[yuzzu-api.herokuapp.com/api/playstorefbc9.json]
[yuzzu-api.herokuapp.com/api/pinterestcde6.json]
[yuzzu-api.herokuapp.com/api/filmse985.json]
[yuzzu-api.herokuapp.com/api/nhentaic343.json]
[yuzzu-api.herokuapp.com/api/herolist.json]
[yuzzu-api.herokuapp.com/api/hero4225.json]
[yuzzu-api.herokuapp.com/api/wiki91ba.json]
[yuzzu-api.herokuapp.com/api/igstalk6f6b.json]
[yuzzu-api.herokuapp.com/api/infonpm2d2d.json]
[yuzzu-api.herokuapp.com/api/repository/stalk1654.json]
[yuzzu-api.herokuapp.com/api/github/stalk806d.json]
[yuzzu-api.herokuapp.com/api/tiktod/stalk806d.json]
[yuzzu-api.herokuapp.com/api/level952f.png]
[yuzzu-api.herokuapp.com/api/welcome21e3d.png]
[yuzzu-api.herokuapp.com/api/goodbye21e3d.png]
[yuzzu-api.herokuapp.com/api/welcome393ef.png]
[yuzzu-api.herokuapp.com/api/goodbye393ef.png]
[yuzzu-api.herokuapp.com/api/rankc628.png]
[yuzzu-api.herokuapp.com/media.html]
[yuzzu-api.herokuapp.com/api/otaku423e.json]
[yuzzu-api.herokuapp.com/api/komiku423e.json]
[yuzzu-api.herokuapp.com/api/couple.json]
[yuzzu-api.herokuapp.com/api/nsfw/ahegao.json]
[yuzzu-api.herokuapp.com/api/nsfw/bdsm.json]
[yuzzu-api.herokuapp.com/api/nsfw/blowjob.json]
[yuzzu-api.herokuapp.com/api/nsfw/cuckold.json]
[yuzzu-api.herokuapp.com/api/nsfw/cum.json]
[yuzzu-api.herokuapp.com/api/nsfw/ero.json]
[yuzzu-api.herokuapp.com/api/nsfw/femdom.json]
[yuzzu-api.herokuapp.com/api/nsfw/foot.json]
[yuzzu-api.herokuapp.com/api/nsfw/gangbang.json]
[yuzzu-api.herokuapp.com/api/nsfw/glasses.json]
[yuzzu-api.herokuapp.com/api/nsfw/hentai.json]
[yuzzu-api.herokuapp.com/api/nsfw/hentaigif.json]
[yuzzu-api.herokuapp.com/api/nsfw/jahy.json]
[yuzzu-api.herokuapp.com/api/nsfw/masturbation.json]
[yuzzu-api.herokuapp.com/api/nsfw/nsfwNeko.json]
[yuzzu-api.herokuapp.com/api/nsfw/orgy.json]
[yuzzu-api.herokuapp.com/api/nsfw/panties.json]
[yuzzu-api.herokuapp.com/api/nsfw/pussy.json]
[yuzzu-api.herokuapp.com/api/nsfw/thighs.json]
[yuzzu-api.herokuapp.com/api/nsfw/yuri.json]
[yuzzu-api.herokuapp.com/anime.html]
[yuzzu-api.herokuapp.com/api/news/infogempa.json]
[yuzzu-api.herokuapp.com/api/news/covidindo.json]
[yuzzu-api.herokuapp.com/api/news/covidworld.json]
[yuzzu-api.herokuapp.com/api/news/covid.json]
[yuzzu-api.herokuapp.com/api/news/cnn.json]
[yuzzu-api.herokuapp.com/api/news/cnbc.json]
[yuzzu-api.herokuapp.com/api/news/republika.json]
[yuzzu-api.herokuapp.com/api/news/tempo.json]
[yuzzu-api.herokuapp.com/api/news/antara.json]
[yuzzu-api.herokuapp.com/api/news/kumparan.json]
[yuzzu-api.herokuapp.com/info.html]
[yuzzu-api.herokuapp.com/api/caklontong.json]
[yuzzu-api.herokuapp.com/api/tebakgambar.json]
[yuzzu-api.herokuapp.com/api/hilih1b11.json]
[yuzzu-api.herokuapp.com/api/darkjokes.json]
[yuzzu-api.herokuapp.com/api/simi931c.json]
[yuzzu-api.herokuapp.com/fun.html]
[yuzzu-api.herokuapp.com/api/base2b3c.json]
[yuzzu-api.herokuapp.com/api/base2a59.json]
[yuzzu-api.herokuapp.com/api/base427c.json]
[yuzzu-api.herokuapp.com/api/base065c.json]
[yuzzu-api.herokuapp.com/baseenc.html]
[yuzzu-api.herokuapp.com/api/shorturlef1b.json]
[yuzzu-api.herokuapp.com/api/kbbif2cb.json]
[yuzzu-api.herokuapp.com/api/kodepos3609.json]
[yuzzu-api.herokuapp.com/other.html]
[yuzzu-api.herokuapp.com/tik-tok.html]
[yuzzu-api.herokuapp.com/instagram.html]
[yuzzu-api.herokuapp.com/twitter.html]
[yuzzu-api.herokuapp.com/ytmp4.html]
[yuzzu-api.herokuapp.com/ytmp3.html]
[yuzzu-api.herokuapp.com/GET.html]
[ajax.googleapis.com/ajax/libs/jqueryui/1/themes/base/jquery-ui.html]
[yuzzu-api.herokuapp.com/api/googleimagef9f1.html]
[yuzzu-api.herokuapp.com/api/search/pornhub9ea5.html]
[yuzzu-api.herokuapp.com/api/welcomea8ca.html]
[yuzzu-api.herokuapp.com/api/goodbye38d2.html]
[yuzzu-api.herokuapp.com/api/characde6.html]
[code.jquery.com/jquery-3.2.1.min.js]
[yuzzu-api.herokuapp.com/api/nsfw/index.html]
[yuzzu-api.herokuapp.com/style.css]
[yuzzu-api.herokuapp.com/api/nsfw.html]
